// Jest Snapshot v1, https://goo.gl/fbAQLP

exports[`<TextField /> Renders with error 1`] = `
.c4 {
  background: #EAEAEA;
  border-radius: 0.2rem;
  border: 0.2rem solid;
  border-color: #EAEAEA;
  display: flex;
  padding: 0 1.6rem;
}

.c4:focus-within {
  box-shadow: 0 0 0.5rem #F231A5;
}

.c8 {
  background: transparent;
  border: 0;
  color: #030517;
  font-family: Poppins,-apple-system,BlinkMacSystemFont,'Segoe UI',Roboto,Oxygen,Ubuntu,Cantarell,'Open Sans','Helvetica Neue',sans-serif;
  font-size: 1.6rem;
  outline: none;
  padding: 0.8rem 0;
  padding-left: 1.6rem;
  width: 100%;
}

.c2 {
  font-size: 1.4rem;
  color: #030517;
  cursor: pointer;
}

.c0 .c3 {
  border-color: #FF6347;
}

.c0 .c5,
.c0 .c1 {
  color: #FF6347;
}

.c6 {
  color: #8F8F8F;
  display: flex;
  order: 0;
  width: 2.2rem;
}

.c6>svg {
  width: 100%;
}

.c9 {
  color: #FF6347;
  font-size: 1.2rem;
}

.c7 {
  display: inline-block;
  vertical-align: middle;
  overflow: hidden;
}

<div
  class="c0"
>
  <label
    class="c1 c2"
    for="TextField"
  >
    TextField
  </label>
  <div
    class="c3 c4"
  >
    <div
      class="c5 c6"
    >
      <svg
        aria-hidden="true"
        class="c7"
        data-testid="icon"
        fill="currentColor"
        focusable="false"
        viewBox="0 0 24 24"
        xmlns="http://www.w3.org/2000/svg"
      >
        <path
          d="M22 6c0-1.1-.9-2-2-2H4c-1.1 0-2 .9-2 2v12c0 1.1.9 2 2 2h16c1.1 0 2-.9 2-2V6zm-2 0-8 5-8-5h16zm0 12H4V8l8 5 8-5v10z"
        />
      </svg>
    </div>
    <input
      class="c8"
      type="text"
      value=""
    />
  </div>
  <p
    class="c9"
  >
    Error message
  </p>
</div>
`;
