// Jest Snapshot v1, https://goo.gl/fbAQLP

exports[`<Grid /> should render correctly 1`] = `
.c0 {
  margin-left: auto;
  margin-right: auto;
  max-width: 130rem;
  padding-left: calc(3.2rem / 2);
  padding-right: calc(3.2rem / 2);
  width: 100%;
}

<div
  class="c0"
>
  Children
</div>
`;
