// Jest Snapshot v1, https://goo.gl/fbAQLP

exports[`<Highlight /> should render headings and button 1`] = `
.c5 {
  align-items: center;
  background: linear-gradient(180deg, #ff5f5f 0%, #f062c0 50%);
  border: 0;
  border-radius: 0.4rem;
  color: #FAFAFA;
  cursor: pointer;
  display: inline-flex;
  justify-content: center;
  padding: 0.8rem;
  text-decoration: none;
  font-size: 1.4rem;
  height: 4rem;
  padding: 0.8rem 3.2rem;
}

.c5:hover {
  background: linear-gradient(180deg, #e35565 0%, #d958a6 50%);
}

.c0 {
  background-image: url(/img/red-dead-img.jpg);
  background-size: cover;
  background-position: center center;
  display: grid;
  height: 23rem;
  position: relative;
  grid-template-areas: "floatimage content";
  grid-template-columns: 1.3fr 2fr;
}

.c0::after {
  background-color: rgba(0, 0, 0, 0.6);
  content: "";
  height: 100%;
  position: absolute;
  width: 100%;
}

.c0 .c1 {
  text-align: right;
}

.c2 {
  grid-area: content;
  padding: 1.6rem;
  z-index: 10;
}

.c3 {
  color: #FAFAFA;
  font-size: 1.8rem;
  font-weight: 600;
}

.c4 {
  color: #FAFAFA;
  font-size: 1.4rem;
  font-weight: 300;
  margin-bottom: 3.2rem;
}

@media (min-width: 768px) {
  .c0 {
    height: 32rem;
  }
}

@media (min-width: 768px) {
  .c2 {
    align-self: end;
    padding: 4.0rem;
  }
}

@media (min-width: 768px) {
  .c3 {
    font-size: 2.8rem;
  }
}

@media (min-width: 768px) {
  .c4 {
    font-size: 1.8rem;
  }
}

<section
  alignment="right"
  class="c0"
>
  <div
    class="c1 c2"
  >
    <h2
      class="c3"
    >
      Heading 1
    </h2>
    <h3
      class="c4"
    >
      Heading 2
    </h3>
    <a
      class="c5"
      href="/rdr2"
    >
      <span>
        Buy now
      </span>
    </a>
  </div>
</section>
`;
